// Jest Snapshot v1, https://goo.gl/fbAQLP

exports[`Auth component renders correctly 1`] = `
<div
  id="signInContainer"
>
  <div
    id="signInContainer"
  >
    <div
      id="signInForm"
    >
      <h3>
        Welcome!
      </h3>
      <form
        id="signInForm"
        onSubmit={[Function]}
      >
        <div
          className="MuiFormControl-root MuiTextField-root loginEmail MuiFormControl-marginNormal MuiFormControl-fullWidth"
        >
          <label
            className="MuiFormLabel-root MuiInputLabel-root MuiInputLabel-formControl MuiInputLabel-animated MuiInputLabel-filled Mui-required Mui-required"
            data-shrink={false}
            htmlFor="login-email"
            id="login-email-label"
          >
            Your Email
            <span
              aria-hidden={true}
              className="MuiFormLabel-asterisk MuiInputLabel-asterisk"
            >
               
              *
            </span>
          </label>
          <div
            className="MuiInputBase-root MuiFilledInput-root MuiFilledInput-underline MuiInputBase-fullWidth MuiInputBase-formControl"
            onClick={[Function]}
          >
            <input
              aria-invalid={false}
              autoComplete="email"
              autoFocus={false}
              className="MuiInputBase-input MuiFilledInput-input"
              disabled={false}
              id="login-email"
              name="email"
              onAnimationStart={[Function]}
              onBlur={[Function]}
              onChange={[Function]}
              onFocus={[Function]}
              required={true}
              type="text"
              value=""
            />
          </div>
        </div>
        <p />
        <div
          className="MuiFormControl-root MuiTextField-root loginPassword MuiFormControl-marginNormal MuiFormControl-fullWidth"
        >
          <label
            className="MuiFormLabel-root MuiInputLabel-root MuiInputLabel-formControl MuiInputLabel-animated MuiInputLabel-filled Mui-required Mui-required"
            data-shrink={false}
            htmlFor="login-password"
            id="login-password-label"
          >
            Password
            <span
              aria-hidden={true}
              className="MuiFormLabel-asterisk MuiInputLabel-asterisk"
            >
               
              *
            </span>
          </label>
          <div
            className="MuiInputBase-root MuiFilledInput-root MuiFilledInput-underline MuiInputBase-fullWidth MuiInputBase-formControl"
            onClick={[Function]}
          >
            <input
              aria-invalid={false}
              autoComplete="current-password"
              autoFocus={false}
              className="MuiInputBase-input MuiFilledInput-input"
              disabled={false}
              id="login-password"
              name="password"
              onAnimationStart={[Function]}
              onBlur={[Function]}
              onChange={[Function]}
              onFocus={[Function]}
              required={true}
              type="password"
              value=""
            />
          </div>
        </div>
        <p />
        <button
          className="MuiButtonBase-root MuiButton-root MuiButton-contained signInAuthButton MuiButton-containedSecondary MuiButton-fullWidth"
          disabled={false}
          onBlur={[Function]}
          onDragLeave={[Function]}
          onFocus={[Function]}
          onKeyDown={[Function]}
          onKeyUp={[Function]}
          onMouseDown={[Function]}
          onMouseLeave={[Function]}
          onMouseUp={[Function]}
          onTouchEnd={[Function]}
          onTouchMove={[Function]}
          onTouchStart={[Function]}
          tabIndex={0}
          type="submit"
        >
          <span
            className="MuiButton-label"
          >
            Log In
          </span>
        </button>
      </form>
    </div>
  </div>
  <p>
    
  </p>
</div>
`;

exports[`Login tests Auth component renders correctly 1`] = `
<div
  id="signInContainer"
>
  <div
    id="signInContainer"
  >
    <div
      id="signInForm"
    >
      <h3>
        Welcome!
      </h3>
      <form
        id="signInForm"
        onSubmit={[Function]}
      >
        <div
          className="MuiFormControl-root MuiTextField-root loginEmail MuiFormControl-marginNormal MuiFormControl-fullWidth"
        >
          <label
            className="MuiFormLabel-root MuiInputLabel-root MuiInputLabel-formControl MuiInputLabel-animated MuiInputLabel-filled Mui-required Mui-required"
            data-shrink={false}
            htmlFor="login-email"
            id="login-email-label"
          >
            Your Email
            <span
              aria-hidden={true}
              className="MuiFormLabel-asterisk MuiInputLabel-asterisk"
            >
               
              *
            </span>
          </label>
          <div
            className="MuiInputBase-root MuiFilledInput-root MuiFilledInput-underline MuiInputBase-fullWidth MuiInputBase-formControl"
            onClick={[Function]}
          >
            <input
              aria-invalid={false}
              autoComplete="email"
              autoFocus={false}
              className="MuiInputBase-input MuiFilledInput-input"
              disabled={false}
              id="login-email"
              name="email"
              onAnimationStart={[Function]}
              onBlur={[Function]}
              onChange={[Function]}
              onFocus={[Function]}
              required={true}
              type="text"
              value=""
            />
          </div>
        </div>
        <p />
        <div
          className="MuiFormControl-root MuiTextField-root loginPassword MuiFormControl-marginNormal MuiFormControl-fullWidth"
        >
          <label
            className="MuiFormLabel-root MuiInputLabel-root MuiInputLabel-formControl MuiInputLabel-animated MuiInputLabel-filled Mui-required Mui-required"
            data-shrink={false}
            htmlFor="login-password"
            id="login-password-label"
          >
            Password
            <span
              aria-hidden={true}
              className="MuiFormLabel-asterisk MuiInputLabel-asterisk"
            >
               
              *
            </span>
          </label>
          <div
            className="MuiInputBase-root MuiFilledInput-root MuiFilledInput-underline MuiInputBase-fullWidth MuiInputBase-formControl"
            onClick={[Function]}
          >
            <input
              aria-invalid={false}
              autoComplete="current-password"
              autoFocus={false}
              className="MuiInputBase-input MuiFilledInput-input"
              disabled={false}
              id="login-password"
              name="password"
              onAnimationStart={[Function]}
              onBlur={[Function]}
              onChange={[Function]}
              onFocus={[Function]}
              required={true}
              type="password"
              value=""
            />
          </div>
        </div>
        <p />
        <button
          className="MuiButtonBase-root MuiButton-root MuiButton-contained signInAuthButton MuiButton-containedSecondary MuiButton-fullWidth"
          disabled={false}
          onBlur={[Function]}
          onDragLeave={[Function]}
          onFocus={[Function]}
          onKeyDown={[Function]}
          onKeyUp={[Function]}
          onMouseDown={[Function]}
          onMouseLeave={[Function]}
          onMouseUp={[Function]}
          onTouchEnd={[Function]}
          onTouchMove={[Function]}
          onTouchStart={[Function]}
          tabIndex={0}
          type="submit"
        >
          <span
            className="MuiButton-label"
          >
            Log In
          </span>
        </button>
      </form>
    </div>
  </div>
  <p>
    
  </p>
</div>
`;
